--- Startup times for process: Primary (or UI client) ---

times in msec
 clock   self+sourced   self:  sourced script
 clock   elapsed:              other lines

000.003  000.003: --- NVIM STARTING ---
000.192  000.189: event init
000.338  000.145: early init
000.407  000.070: locale set
000.507  000.100: init first window
001.123  000.616: inits 1
001.132  000.009: window checked
001.135  000.003: parsing arguments
001.891  000.060  000.060: require('vim.shared')
002.052  000.057  000.057: require('vim.inspect')
002.126  000.061  000.061: require('vim._options')
002.132  000.237  000.118: require('vim._editor')
002.134  000.334  000.038: require('vim._init_packages')
002.137  000.667: init lua interpreter
004.951  002.814: nvim_ui_attach
005.365  000.414: nvim_set_client_info
005.367  000.003: --- NVIM STARTED ---

--- Startup times for process: Embedded ---

times in msec
 clock   self+sourced   self:  sourced script
 clock   elapsed:              other lines

000.004  000.004: --- NVIM STARTING ---
000.221  000.217: event init
000.392  000.171: early init
000.473  000.081: locale set
000.568  000.095: init first window
001.200  000.632: inits 1
001.226  000.026: window checked
001.230  000.004: parsing arguments
002.089  000.077  000.077: require('vim.shared')
002.249  000.066  000.066: require('vim.inspect')
002.337  000.073  000.073: require('vim._options')
002.344  000.250  000.111: require('vim._editor')
002.347  000.368  000.042: require('vim._init_packages')
002.349  000.751: init lua interpreter
002.452  000.103: expanding arguments
002.493  000.041: inits 2
002.941  000.448: init highlight
002.943  000.002: waiting for UI
003.122  000.179: done waiting for UI
003.127  000.005: clear screen
003.346  000.028  000.028: require('vim.keymap')
004.663  000.244  000.244: sourcing nvim_exec2()
004.851  001.721  001.449: require('vim._defaults')
004.853  000.006: init default mappings & autocommands
005.721  000.071  000.071: sourcing /home/douglas/.local/share/bob/v0.11.5/share/nvim/runtime/ftplugin.vim
005.845  000.035  000.035: sourcing /home/douglas/.local/share/bob/v0.11.5/share/nvim/runtime/indent.vim
006.243  000.133  000.133: require('vim.fs')
006.517  000.268  000.268: require('vim.uri')
006.542  000.480  000.079: require('vim.loader')
007.832  000.103  000.103: require('lazy')
007.890  000.026  000.026: require('ffi')
008.025  000.127  000.127: require('lazy.stats')
008.202  000.147  000.147: require('lazy.core.util')
008.436  000.232  000.232: require('lazy.core.config')
008.727  000.115  000.115: require('lazy.core.handler')
009.224  000.183  000.183: require('lazy.pkg')
009.233  000.357  000.174: require('lazy.core.meta')
009.247  000.516  000.159: require('lazy.core.plugin')
009.259  000.818  000.187: require('lazy.core.loader')
009.948  000.155  000.155: require('lazy.core.fragments')
011.993  000.107  000.107: require('lazy.core.handler.event')
012.000  000.340  000.233: require('lazy.core.handler.ft')
012.073  000.068  000.068: require('lazy.core.handler.cmd')
012.152  000.074  000.074: require('lazy.core.handler.keys')
012.549  000.008  000.008: sourcing nvim_exec2() called at /home/douglas/.config/nvim/init.lua:0
012.586  000.002  000.002: sourcing nvim_exec2() called at /home/douglas/.config/nvim/init.lua:0
012.641  000.002  000.002: sourcing nvim_exec2() called at /home/douglas/.config/nvim/init.lua:0
012.656  000.002  000.002: sourcing nvim_exec2() called at /home/douglas/.config/nvim/init.lua:0
012.924  000.004  000.004: sourcing nvim_exec2() called at /home/douglas/.config/nvim/init.lua:0
012.942  000.002  000.002: sourcing nvim_exec2() called at /home/douglas/.config/nvim/init.lua:0
013.384  000.237  000.237: sourcing nvim_exec2() called at /home/douglas/.local/share/bob/v0.11.5/share/nvim/runtime/filetype.lua:0
013.394  000.350  000.112: sourcing /home/douglas/.local/share/bob/v0.11.5/share/nvim/runtime/filetype.lua
013.400  000.421  000.071: sourcing nvim_exec2() called at /home/douglas/.config/nvim/init.lua:0
013.606  000.004  000.004: sourcing nvim_exec2() called at /home/douglas/.config/nvim/init.lua:0
013.622  000.002  000.002: sourcing nvim_exec2() called at /home/douglas/.config/nvim/init.lua:0
015.011  000.929  000.929: require('auto-save.config')
015.307  000.082  000.082: require('auto-save.utils.data')
015.435  000.124  000.124: require('auto-save.utils.colors')
015.508  000.069  000.069: require('auto-save.utils.echo')
015.522  000.502  000.227: require('auto-save')
015.552  001.630  000.200: sourcing /home/douglas/.local/share/nvim/lazy/auto-save.nvim/plugin/auto-save.lua
015.573  001.698  000.068: sourcing nvim_exec2() called at /home/douglas/.config/nvim/init.lua:0
015.588  000.006  000.006: sourcing nvim_exec2() called at /home/douglas/.config/nvim/init.lua:0
015.639  000.003  000.003: sourcing nvim_exec2() called at /home/douglas/.config/nvim/init.lua:0
016.255  000.039  000.039: sourcing /home/douglas/.local/share/nvim/lazy/plenary.nvim/plugin/plenary.vim
016.263  000.097  000.058: sourcing nvim_exec2() called at /home/douglas/.config/nvim/init.lua:0
016.277  000.003  000.003: sourcing nvim_exec2() called at /home/douglas/.config/nvim/init.lua:0
016.292  000.002  000.002: sourcing nvim_exec2() called at /home/douglas/.config/nvim/init.lua:0
016.727  000.006  000.006: sourcing nvim_exec2() called at /home/douglas/.config/nvim/init.lua:0
016.747  000.003  000.003: sourcing nvim_exec2() called at /home/douglas/.config/nvim/init.lua:0
017.191  000.048  000.048: sourcing /home/douglas/.local/share/nvim/lazy/nvim-web-devicons/plugin/nvim-web-devicons.vim
017.198  000.105  000.056: sourcing nvim_exec2() called at /home/douglas/.config/nvim/init.lua:0
017.207  000.003  000.003: sourcing nvim_exec2() called at /home/douglas/.config/nvim/init.lua:0
017.221  000.002  000.002: sourcing nvim_exec2() called at /home/douglas/.config/nvim/init.lua:0
017.466  000.131  000.131: sourcing /home/douglas/.local/share/nvim/lazy/neo-tree.nvim/plugin/neo-tree.lua
017.473  000.183  000.052: sourcing nvim_exec2() called at /home/douglas/.config/nvim/init.lua:0
017.483  000.003  000.003: sourcing nvim_exec2() called at /home/douglas/.config/nvim/init.lua:0
017.510  000.002  000.002: sourcing nvim_exec2() called at /home/douglas/.config/nvim/init.lua:0
018.815  001.300  001.300: require('neo-tree')
019.086  000.265  000.265: require('neo-tree.log')
019.593  000.006  000.006: sourcing nvim_exec2() called at /home/douglas/.config/nvim/init.lua:0
019.620  000.002  000.002: sourcing nvim_exec2() called at /home/douglas/.config/nvim/init.lua:0
020.651  000.123  000.123: require('mason-core.path')
020.939  000.077  000.077: require('mason-core.functional.data')
021.085  000.140  000.140: require('mason-core.functional.function')
021.379  000.268  000.268: require('mason-core.functional.list')
021.534  000.139  000.139: require('mason-core.functional.relation')
021.691  000.116  000.116: require('mason-core.functional.logic')
021.813  000.096  000.096: require('mason-core.functional.number')
021.944  000.104  000.104: require('mason-core.functional.string')
022.047  000.096  000.096: require('mason-core.functional.table')
022.148  000.094  000.094: require('mason-core.functional.type')
022.155  001.391  000.260: require('mason-core.functional')
022.354  001.697  000.306: require('mason-core.platform')
022.498  000.140  000.140: require('mason.settings')
022.506  002.290  000.330: require('mason-core.installer.InstallLocation')
022.956  000.171  000.171: require('mason-core.log')
022.962  000.282  000.111: require('mason-core.EventEmitter')
023.106  000.141  000.141: require('mason-registry.sources')
023.121  000.613  000.190: require('mason-registry')
023.125  003.366  000.463: require('mason')
023.945  000.517  000.517: require('mason.api.command')
024.738  000.098  000.098: require('vim.lsp.log')
025.541  000.797  000.797: require('vim.lsp.protocol')
026.002  000.454  000.454: require('vim.lsp.util')
026.137  000.058  000.058: require('vim.lsp.sync')
026.144  000.137  000.079: require('vim.lsp._changetracking')
026.294  000.065  000.065: require('vim.lsp._transport')
026.315  000.167  000.102: require('vim.lsp.rpc')
026.456  002.092  000.439: require('vim.lsp')
027.365  000.905  000.905: require('lspconfig.util')
027.394  003.178  000.181: sourcing /home/douglas/.local/share/nvim/lazy/nvim-lspconfig/plugin/lspconfig.lua
027.402  003.237  000.059: sourcing nvim_exec2() called at /home/douglas/.config/nvim/init.lua:0
027.415  000.005  000.005: sourcing nvim_exec2() called at /home/douglas/.config/nvim/init.lua:0
027.432  000.002  000.002: sourcing nvim_exec2() called at /home/douglas/.config/nvim/init.lua:0
027.506  000.003  000.003: sourcing nvim_exec2() called at /home/douglas/.config/nvim/init.lua:0
027.519  000.002  000.002: sourcing nvim_exec2() called at /home/douglas/.config/nvim/init.lua:0
027.720  000.049  000.049: require('mason-lspconfig.settings')
027.725  000.124  000.075: require('mason-lspconfig')
027.803  000.067  000.067: require('mason-core.async')
027.993  000.079  000.079: require('mason-core.async.control')
028.131  000.135  000.135: require('mason-core.result')
028.411  000.141  000.141: require('mason-core.async.uv')
028.428  000.293  000.152: require('mason-core.fs')
028.453  000.611  000.104: require('mason-registry.installer')
028.766  000.105  000.105: require('mason-core.optional')
029.209  000.236  000.236: require('mason-core.process')
029.339  000.126  000.126: require('mason-core.spawn')
029.345  000.473  000.111: require('mason-core.installer.managers.powershell')
029.412  000.064  000.064: require('mason.version')
029.420  000.650  000.113: require('mason-core.fetch')
029.502  000.079  000.079: require('mason-core.providers')
030.083  000.256  000.256: require('mason-core.purl')
030.102  000.392  000.135: require('mason-core.package.AbstractPackage')
030.903  000.384  000.384: require('mason-core.installer.compiler.expr')
030.940  000.567  000.182: require('mason-core.installer.compiler.link')
031.520  000.058  000.058: require('mason-core.installer.context.InstallContextCwd')
031.605  000.081  000.081: require('mason-core.installer.context.InstallContextFs')
031.664  000.056  000.056: require('mason-core.installer.context.InstallContextSpawn')
031.748  000.080  000.080: require('mason-core.receipt')
031.778  000.399  000.123: require('mason-core.installer.context')
031.781  000.500  000.101: require('mason-core.installer')
031.799  000.691  000.192: require('mason-core.installer.managers.std')
031.802  000.859  000.168: require('mason-core.installer.compiler.schemas')
031.866  000.063  000.063: require('mason-core.installer.compiler.util')
031.942  001.709  000.220: require('mason-core.installer.compiler')
032.034  000.088  000.088: require('mason-core.installer.linker')
032.042  001.937  000.141: require('mason-core.installer.InstallRunner')
032.122  000.076  000.076: require('mason-core.installer.UninstallRunner')
032.131  002.542  000.136: require('mason-core.package')
032.136  002.630  000.089: require('mason-registry.sources.util')
032.148  003.610  000.145: require('mason-registry.sources.github')
038.417  000.008  000.008: require('vim.F')
038.570  000.089  000.089: require('mason-lspconfig.mappings')
038.575  000.153  000.064: require('mason-lspconfig.features.automatic_enable')
049.461  000.038  000.038: require('mason-lspconfig.notify')
049.481  000.121  000.083: require('mason-lspconfig.api.command')
049.933  000.041  000.041: require('vim.treesitter.language')
049.969  000.032  000.032: require('vim.func')
050.010  000.037  000.037: require('vim.func._memoize')
050.035  000.225  000.115: require('vim.treesitter.query')
050.079  000.042  000.042: require('vim.treesitter._range')
050.091  000.381  000.114: require('vim.treesitter.languagetree')
050.097  000.441  000.060: require('vim.treesitter')
050.285  000.685  000.244: sourcing /home/douglas/.local/share/nvim/lazy/nvim-treesitter/plugin/filetypes.lua
050.291  000.725  000.041: sourcing nvim_exec2() called at /home/douglas/.config/nvim/init.lua:0
050.425  000.093  000.093: sourcing /home/douglas/.local/share/nvim/lazy/nvim-treesitter/plugin/nvim-treesitter.lua
050.430  000.132  000.039: sourcing nvim_exec2() called at /home/douglas/.config/nvim/init.lua:0
050.500  000.033  000.033: sourcing /home/douglas/.local/share/nvim/lazy/nvim-treesitter/plugin/query_predicates.lua
050.503  000.068  000.034: sourcing nvim_exec2() called at /home/douglas/.config/nvim/init.lua:0
050.509  000.002  000.002: sourcing nvim_exec2() called at /home/douglas/.config/nvim/init.lua:0
050.519  000.001  000.001: sourcing nvim_exec2() called at /home/douglas/.config/nvim/init.lua:0
050.724  000.045  000.045: sourcing /home/douglas/.local/share/bob/v0.11.5/share/nvim/runtime/plugin/editorconfig.lua
050.729  000.088  000.043: sourcing nvim_exec2() called at /home/douglas/.config/nvim/init.lua:0
050.965  000.196  000.196: sourcing /home/douglas/.local/share/bob/v0.11.5/share/nvim/runtime/plugin/gzip.vim
050.969  000.236  000.039: sourcing nvim_exec2() called at /home/douglas/.config/nvim/init.lua:0
051.076  000.049  000.049: sourcing /home/douglas/.local/share/bob/v0.11.5/share/nvim/runtime/plugin/man.lua
051.081  000.106  000.057: sourcing nvim_exec2() called at /home/douglas/.config/nvim/init.lua:0
051.798  000.180  000.180: sourcing /home/douglas/.local/share/bob/v0.11.5/share/nvim/runtime/pack/dist/opt/matchit/plugin/matchit.vim
051.821  000.689  000.509: sourcing /home/douglas/.local/share/bob/v0.11.5/share/nvim/runtime/plugin/matchit.vim
051.824  000.739  000.050: sourcing nvim_exec2() called at /home/douglas/.config/nvim/init.lua:0
052.000  000.132  000.132: sourcing /home/douglas/.local/share/bob/v0.11.5/share/nvim/runtime/plugin/matchparen.vim
052.004  000.173  000.041: sourcing nvim_exec2() called at /home/douglas/.config/nvim/init.lua:0
052.759  000.259  000.259: sourcing /home/douglas/.local/share/bob/v0.11.5/share/nvim/runtime/pack/dist/opt/netrw/plugin/netrwPlugin.vim
052.783  000.734  000.475: sourcing /home/douglas/.local/share/bob/v0.11.5/share/nvim/runtime/plugin/netrwPlugin.vim
052.786  000.777  000.043: sourcing nvim_exec2() called at /home/douglas/.config/nvim/init.lua:0
052.886  000.049  000.049: sourcing /home/douglas/.local/share/bob/v0.11.5/share/nvim/runtime/plugin/osc52.lua
052.890  000.098  000.049: sourcing nvim_exec2() called at /home/douglas/.config/nvim/init.lua:0
053.081  000.142  000.142: sourcing /home/douglas/.local/share/bob/v0.11.5/share/nvim/runtime/plugin/rplugin.vim
053.086  000.191  000.049: sourcing nvim_exec2() called at /home/douglas/.config/nvim/init.lua:0
053.229  000.052  000.052: sourcing /home/douglas/.local/share/bob/v0.11.5/share/nvim/runtime/plugin/shada.vim
053.233  000.108  000.056: sourcing nvim_exec2() called at /home/douglas/.config/nvim/init.lua:0
053.305  000.017  000.017: sourcing /home/douglas/.local/share/bob/v0.11.5/share/nvim/runtime/plugin/spellfile.vim
053.309  000.070  000.053: sourcing nvim_exec2() called at /home/douglas/.config/nvim/init.lua:0
053.455  000.087  000.087: sourcing /home/douglas/.local/share/bob/v0.11.5/share/nvim/runtime/plugin/tarPlugin.vim
053.459  000.137  000.049: sourcing nvim_exec2() called at /home/douglas/.config/nvim/init.lua:0
053.571  000.054  000.054: sourcing /home/douglas/.local/share/bob/v0.11.5/share/nvim/runtime/plugin/tohtml.lua
053.575  000.111  000.057: sourcing nvim_exec2() called at /home/douglas/.config/nvim/init.lua:0
053.646  000.019  000.019: sourcing /home/douglas/.local/share/bob/v0.11.5/share/nvim/runtime/plugin/tutor.vim
053.649  000.069  000.050: sourcing nvim_exec2() called at /home/douglas/.config/nvim/init.lua:0
053.829  000.133  000.133: sourcing /home/douglas/.local/share/bob/v0.11.5/share/nvim/runtime/plugin/zipPlugin.vim
053.833  000.179  000.046: sourcing nvim_exec2() called at /home/douglas/.config/nvim/init.lua:0
054.012  047.347  025.286: require('plugins.main')
054.088  000.073  000.073: require('core.autocommands')
056.270  001.618  001.618: require('vim.filetype')
057.136  000.056  000.056: require('luasnip.util.types')
057.144  000.111  000.056: require('luasnip.util.ext_opts')
057.362  000.060  000.060: require('luasnip.util.lazy_table')
057.423  000.056  000.056: require('luasnip.extras.filetype_functions')
057.437  000.241  000.125: require('luasnip.default_config')
057.440  000.294  000.053: require('luasnip.session')
057.443  000.967  000.562: require('luasnip.config')
057.471  002.873  000.288: sourcing /home/douglas/.local/share/nvim/lazy/LuaSnip/plugin/luasnip.lua
057.476  002.939  000.066: sourcing nvim_exec2() called at /home/douglas/.config/nvim/init.lua:0
057.577  000.048  000.048: sourcing /home/douglas/.local/share/nvim/lazy/LuaSnip/plugin/luasnip.vim
057.583  000.100  000.052: sourcing nvim_exec2() called at /home/douglas/.config/nvim/init.lua:0
057.597  000.002  000.002: sourcing nvim_exec2() called at /home/douglas/.config/nvim/init.lua:0
057.609  000.001  000.001: sourcing nvim_exec2() called at /home/douglas/.config/nvim/init.lua:0
057.991  000.068  000.068: require('vim.version')
059.519  001.633  001.565: require('luasnip.util.vimversion')
059.531  001.725  000.092: require('luasnip.util.util')
059.876  000.087  000.087: require('luasnip.util.str')
059.926  000.046  000.046: require('luasnip.util.table')
059.967  000.039  000.039: require('luasnip.nodes.key_indexer')
060.030  000.061  000.061: require('luasnip.util.feedkeys')
060.112  000.080  000.080: require('luasnip.nodes.util.snippet_string')
060.120  000.536  000.222: require('luasnip.nodes.util')
060.238  000.044  000.044: require('luasnip.session.snippet_collection.source')
060.285  000.045  000.045: require('luasnip.util.auto_table')
060.299  000.178  000.089: require('luasnip.session.snippet_collection')
060.467  000.052  000.052: require('luasnip.util.select')
060.506  000.037  000.037: require('luasnip.util.time')
060.958  000.608  000.520: require('luasnip.util._builtin_vars')
061.060  000.759  000.151: require('luasnip.util.environ')
061.100  000.038  000.038: require('luasnip.util.extend_decorator')
061.198  000.056  000.056: require('luasnip.util.path')
061.318  000.068  000.068: require('luasnip.util.log')
061.323  000.123  000.055: require('luasnip.loaders.util')
061.354  000.030  000.030: require('luasnip.loaders.data')
061.437  000.081  000.081: require('luasnip.loaders.fs_watchers')
061.440  000.339  000.048: require('luasnip.loaders')
061.459  007.296  000.679: require('luasnip')
061.898  007.808  000.512: require('core.options')
062.691  000.110  000.110: require('catppuccin')
062.849  000.035  000.035: require('catppuccin.lib.hashing')
064.540  001.978  001.832: sourcing /home/douglas/.local/share/nvim/lazy/catppuccin/colors/catppuccin.vim
064.562  058.599  000.913: sourcing /home/douglas/.config/nvim/init.lua
064.569  001.010: sourcing vimrc file(s)
064.713  000.034  000.034: sourcing /home/douglas/.local/share/bob/v0.11.5/share/nvim/runtime/filetype.lua
064.930  000.053  000.053: sourcing /home/douglas/.local/share/bob/v0.11.5/share/nvim/runtime/syntax/synload.vim
064.990  000.202  000.149: sourcing /home/douglas/.local/share/bob/v0.11.5/share/nvim/runtime/syntax/syntax.vim
065.000  000.194: inits 3
066.172  001.172: reading ShaDa
066.391  000.041  000.041: require('luasnip.util.directed_graph')
066.422  000.029  000.029: require('luasnip.session.enqueueable_operations')
066.426  000.137  000.067: require('luasnip.loaders.from_lua')
066.756  000.027  000.027: require('luasnip.util.events')
066.782  000.024  000.024: require('luasnip.nodes.optional_arg')
066.793  000.119  000.067: require('luasnip.nodes.node')
066.988  000.194  000.194: require('luasnip.nodes.insertNode')
067.032  000.042  000.042: require('luasnip.nodes.textNode')
067.073  000.040  000.040: require('luasnip.util.mark')
067.106  000.031  000.031: require('luasnip.util.pattern_tokenizer')
067.150  000.042  000.042: require('luasnip.util.dict')
067.509  000.308  000.308: require('luasnip.util.jsregexp')
067.514  000.363  000.055: require('luasnip.nodes.util.trig_engines')
067.569  000.989  000.158: require('luasnip.nodes.snippet')
067.572  001.028  000.039: require('luasnip.nodes.duplicate')
067.574  001.059  000.031: require('luasnip.loaders.snippet_cache')
067.586  001.138  000.079: require('luasnip.loaders.from_snipmate')
067.963  000.066  000.066: require('luasnip.util.parser.neovim_ast')
068.240  000.274  000.274: require('luasnip.util.jsregexp')
068.246  000.417  000.078: require('luasnip.util.parser.ast_utils')
068.325  000.077  000.077: require('luasnip.nodes.functionNode')
068.419  000.093  000.093: require('luasnip.nodes.choiceNode')
068.516  000.095  000.095: require('luasnip.nodes.dynamicNode')
068.618  000.100  000.100: require('luasnip.util.functions')
068.624  000.860  000.077: require('luasnip.util.parser.ast_parser')
068.764  000.139  000.139: require('luasnip.util.parser.neovim_parser')
068.768  001.091  000.093: require('luasnip.util.parser')
068.821  000.051  000.051: require('luasnip.nodes.snippetProxy')
068.964  000.140  000.140: require('luasnip.util.jsonc')
068.973  001.384  000.102: require('luasnip.loaders.from_vscode')
068.997  000.166: opening buffers
069.023  000.026: BufEnter autocommands
069.025  000.002: editing files in windows
069.031  000.006: --- NVIM STARTED ---

